=== manuscript_figures_v2 (no training) ===
WROTE paper_outputs\manuscript_figures_v2\main\fig01_campus_deployment.png + PDF
WROTE paper_outputs\manuscript_figures_v2\main\fig02_real_adaptive_communication.png + PDF
WROTE paper_outputs\manuscript_figures_v2\main\fig03_kl_cmappo_framework.png + PDF
WROTE paper_outputs\manuscript_figures_v2\main\fig04_main_mae_comparison.png + PDF
WROTE paper_outputs\manuscript_figures_v2\main\fig05_event_recall_test.png + PDF
WROTE paper_outputs\manuscript_figures_v2\main\fig06_rl_training_validation_mae.png + PDF
WROTE paper_outputs\manuscript_figures_v2\main\fig07_kl_constraint_ablation.png + PDF
WROTE paper_outputs\manuscript_figures_v2\main\fig08_unseen_sensor_generalization.png + PDF
WROTE paper_outputs\manuscript_figures_v2\main\fig09_packet_loss_robustness.png + PDF
WROTE paper_outputs\manuscript_figures_v2\main\fig10_cumulative_transmissions.png + PDF
WROTE paper_outputs\manuscript_figures_v2\supplementary\figS01_bc_initialization_vs_kl_matched_budget.png + PDF
WROTE paper_outputs\manuscript_figures_v2\supplementary\figS02_training_event_recall.png + PDF
WROTE paper_outputs\manuscript_figures_v2\supplementary\figS03_training_tx_reduction.png + PDF
WROTE paper_outputs\manuscript_figures_v2\supplementary\figS04_feasible_seeds.png + PDF
WROTE paper_outputs\manuscript_figures_v2\supplementary\figS05_kl_beta_schedule.png + PDF
WROTE paper_outputs\manuscript_figures_v2\supplementary\figS06_adaptive_lagrange.png + PDF
WROTE paper_outputs\manuscript_figures_v2\supplementary\figS07_complete_policy_benchmark.png + PDF
WROTE paper_outputs\manuscript_figures_v2\supplementary\figS08a_packet_loss_mae_all_methods.png + PDF
WROTE paper_outputs\manuscript_figures_v2\supplementary\figS08b_packet_loss_recall_all_methods.png + PDF
WROTE paper_outputs\manuscript_figures_v2\supplementary\figS09_transmission_heatmap.png + PDF
WROTE paper_outputs\manuscript_figures_v2\supplementary\figS10_reconstruction_benchmark.png + PDF
