=== RESULTS FIGURE PACK (no training; KL-CMAPPO = proposed method) ===
WROTE results\figures\main\fig01_campus_deployment.png
WROTE results\figures\main\fig02_real_kl_cmappo_timeline.png
WROTE results\figures\main\fig03_method_workflow.png
WROTE results\figures\main\fig04_key_mae_comparison.png
WROTE results\figures\main\fig05_training_validation_mae.png
WROTE results\figures\main\fig06_ablation_mae.png
WROTE results\figures\main\fig07_heldout_mae.png
WROTE results\figures\main\fig08_packet_loss_mae.png
WROTE results\figures\main\fig09_cumulative_transmissions.png
WROTE results\figures\supplementary\figS01_matched_budget_rl_vs_init.png
WROTE results\figures\supplementary\figS01b_matched_budget_recall.png
WROTE results\figures\supplementary\figS02_training_recall.png
WROTE results\figures\supplementary\figS03_training_tx_reduction.png
WROTE results\figures\supplementary\figS04_feasible_seeds.png
WROTE results\figures\supplementary\figS05_kl_beta_schedule.png
WROTE results\figures\supplementary\figS06_lagrange_multipliers.png
WROTE results\figures\supplementary\figS07_ablation_pareto.png
WROTE results\figures\supplementary\figS08_all_policy_baselines.png
WROTE results\figures\supplementary\figS09_packet_loss_all_methods.png
WROTE results\figures\supplementary\figS10_packet_loss_recall.png
WROTE results\figures\supplementary\figS11_kl_transmission_heatmap.png
